Procedure __VERIFIER_nondet has zero cost
Procedure: main
0 <= cost
Procedure: search
0 <= cost
cost <= max:111(max:111(max:111(min:110(param0:23, log:7(2, (param0:23 + 1))),
                                min:110(param0:23, log:7(2, (param0:23 + 1)))),
                        1),
                0)
