&curr -> {&g, alloc#2, alloc#4}
&curr.Top -> {&g, alloc#2, alloc#4}
&g.4 -> {alloc#2}
&g.Top -> {alloc#2}
&p -> {alloc#2}
&p.Top -> {alloc#2}
&q -> {alloc#4}
&q.Top -> {alloc#4}
&tmp -> {alloc#2}
&tmp.Top -> {alloc#2}
&tmp___0 -> {alloc#4}
&tmp___0.Top -> {alloc#4}
alloc#2.4 -> {alloc#4}
alloc#2.Top -> {alloc#4}
alloc#4.4 -> {&g}
alloc#4.Top -> {&g}
